2026-05-31T22:41:31Z INF Thank you for trying Cloudflare Tunnel. Doing so, without a Cloudflare account, is a quick way to experiment and try it out. However, be aware that these account-less Tunnels have no uptime guarantee, are subject to the Cloudflare Online Services Terms of Use (https://www.cloudflare.com/website-terms/), and Cloudflare reserves the right to investigate your use of Tunnels for violations of such terms. If you intend to use Tunnels in production you should use a pre-created named tunnel by following: https://developers.cloudflare.com/cloudflare-one/connections/connect-apps
2026-05-31T22:41:31Z INF Requesting new quick Tunnel on trycloudflare.com...
2026-05-31T22:41:34Z INF +--------------------------------------------------------------------------------------------+
2026-05-31T22:41:34Z INF |  Your quick Tunnel has been created! Visit it at (it may take some time to be reachable):  |
2026-05-31T22:41:34Z INF |  https://asus-bond-islands-homeland.trycloudflare.com                                      |
2026-05-31T22:41:34Z INF +--------------------------------------------------------------------------------------------+
2026-05-31T22:41:34Z INF Cannot determine default configuration path. No file [config.yml config.yaml] in [~/.cloudflared ~/.cloudflare-warp ~/cloudflare-warp]
2026-05-31T22:41:34Z INF Version 2026.5.2 (Checksum 20b9638f685333d623798e733effbad2487093f15ba592f6c7752360ff3b7ab7)
2026-05-31T22:41:34Z INF GOOS: windows, GOVersion: go1.26.3, GoArch: amd64
2026-05-31T22:41:34Z INF Settings: map[ha-connections:1 protocol:quic url:http://localhost:8080]
2026-05-31T22:41:34Z INF cloudflared will not automatically update on Windows systems.
2026-05-31T22:41:34Z INF Generated Connector ID: c3681a13-c2fa-4adf-bb70-ea23bed2fda9
2026-05-31T22:41:34Z INF Initial protocol quic
2026-05-31T22:41:34Z INF ICMP proxy will use 192.168.0.108 as source for IPv4
2026-05-31T22:41:34Z INF ICMP proxy will use fe80::9902:b721:ed2d:743c in zone Ethernet as source for IPv6
2026-05-31T22:41:34Z INF cloudflared does not support loading the system root certificate pool on Windows. Please use --origin-ca-pool <PATH> to specify the path to the certificate pool
2026-05-31T22:41:34Z INF ICMP proxy will use 192.168.0.108 as source for IPv4
2026-05-31T22:41:34Z INF Tunnel connection curve preferences: [X25519MLKEM768 CurveID(65074) CurveP256] connIndex=0 event=0 ip=198.41.192.167
2026-05-31T22:41:34Z INF ICMP proxy will use fe80::9902:b721:ed2d:743c in zone Ethernet as source for IPv6
2026-05-31T22:41:34Z INF Starting metrics server on 127.0.0.1:20241/metrics
2026-05-31T22:41:34Z INF +-------------------------------------------------------------------------------------+
2026-05-31T22:41:34Z INF |                               CONNECTIVITY PRE-CHECKS                               |
2026-05-31T22:41:34Z INF +-------------------------------------------------------------------------------------+
2026-05-31T22:41:34Z INF |  COMPONENT         TARGET                     STATUS  DETAILS                       |
2026-05-31T22:41:34Z INF |  DNS Resolution    region1.v2.argotunnel.com  PASS    DNS Resolved successfully     |
2026-05-31T22:41:34Z INF |  DNS Resolution    region2.v2.argotunnel.com  PASS    DNS Resolved successfully     |
2026-05-31T22:41:34Z INF |  UDP Connectivity  region1.v2.argotunnel.com  PASS    QUIC connection successful    |
2026-05-31T22:41:34Z INF |  UDP Connectivity  region2.v2.argotunnel.com  PASS    QUIC connection successful    |
2026-05-31T22:41:34Z INF |  TCP Connectivity  region1.v2.argotunnel.com  PASS    HTTP/2 connection successful  |
2026-05-31T22:41:34Z INF |  TCP Connectivity  region2.v2.argotunnel.com  PASS    HTTP/2 connection successful  |
2026-05-31T22:41:34Z INF |  Cloudflare API    api.cloudflare.com:443     PASS    API is reachable              |
2026-05-31T22:41:34Z INF |                                                                                     |
2026-05-31T22:41:34Z INF |  SUMMARY: Environment is healthy. cloudflared will use 'quic' as primary protocol.  |
2026-05-31T22:41:34Z INF +-------------------------------------------------------------------------------------+
2026-05-31T22:41:34Z INF precheck component="DNS Resolution" details="DNS Resolved successfully" run_id=228370c9-4878-4ff9-8e68-53a9435a634a status=pass target=region1.v2.argotunnel.com
2026-05-31T22:41:34Z INF precheck component="DNS Resolution" details="DNS Resolved successfully" run_id=228370c9-4878-4ff9-8e68-53a9435a634a status=pass target=region2.v2.argotunnel.com
2026-05-31T22:41:34Z INF precheck component="UDP Connectivity" details="QUIC connection successful" run_id=228370c9-4878-4ff9-8e68-53a9435a634a status=pass target=region1.v2.argotunnel.com
2026-05-31T22:41:34Z INF precheck component="UDP Connectivity" details="QUIC connection successful" run_id=228370c9-4878-4ff9-8e68-53a9435a634a status=pass target=region2.v2.argotunnel.com
2026-05-31T22:41:34Z INF precheck component="TCP Connectivity" details="HTTP/2 connection successful" run_id=228370c9-4878-4ff9-8e68-53a9435a634a status=pass target=region1.v2.argotunnel.com
2026-05-31T22:41:34Z INF precheck component="TCP Connectivity" details="HTTP/2 connection successful" run_id=228370c9-4878-4ff9-8e68-53a9435a634a status=pass target=region2.v2.argotunnel.com
2026-05-31T22:41:34Z INF precheck component="Cloudflare API" details="API is reachable" run_id=228370c9-4878-4ff9-8e68-53a9435a634a status=pass target=api.cloudflare.com:443
2026-05-31T22:41:34Z INF precheck complete hard_fail=false run_id=228370c9-4878-4ff9-8e68-53a9435a634a suggested_protocol=quic
2026-05-31T22:41:35Z INF Registered tunnel connection connIndex=0 connection=2c59dcc1-6aca-47b7-92f8-fa50e2fc0105 event=0 ip=198.41.192.167 location=dfw05 protocol=quic
2026-05-31T22:41:39Z ERR Failed to initialize DNS local resolver error="lookup region1.v2.argotunnel.com: i/o timeout"
2026-05-31T22:42:21Z INF Initiating graceful shutdown due to signal terminated ...
2026-05-31T22:42:21Z ERR failed to run the datagram handler error="context canceled" connIndex=0 event=0 ip=198.41.192.167
2026-05-31T22:42:21Z ERR failed to serve tunnel connection error="accept stream listener encountered a failure while serving" connIndex=0 event=0 ip=198.41.192.167
2026-05-31T22:42:21Z ERR Serve tunnel error error="accept stream listener encountered a failure while serving" connIndex=0 event=0 ip=198.41.192.167
2026-05-31T22:42:21Z INF Retrying connection in up to 1s connIndex=0 event=0 ip=198.41.192.167
2026-05-31T22:42:21Z ERR Connection terminated connIndex=0
2026-05-31T22:42:21Z ERR no more connections active and exiting
2026-05-31T22:42:21Z INF Tunnel server stopped
2026-05-31T22:42:21Z INF Metrics server stopped
